// Jest Snapshot v1, https://goo.gl/fbAQLP

exports[`Brand snapshot 1`] = `
<img
  alt="TP-Calculator Logo"
  className="sc-AxjAm kzuEgZ"
  src="../../assets/logo-min.png"
/>
`;
