// Jest Snapshot v1, https://goo.gl/fbAQLP

exports[`Collapse Menu snapshot 1`] = `null`;
