// Jest Snapshot v1, https://goo.gl/fbAQLP

exports[`Navbar snapshot 1`] = `
Array [
  <nav
    className="sc-AxgMl ecanys"
    style={
      Object {
        "transform": "translate3d(0, -10rem, 0)",
      }
    }
  >
    <div
      className="sc-AxheI kbUHqo"
    >
      <img
        alt="TP-Calculator Logo"
        className="sc-AxjAm kzuEgZ"
        src={
          Object {
            "process": [Function],
          }
        }
      />
      <div
        className="sc-Axmtr ficJIm"
      >
        TP Calculator
      </div>
      <ul
        className="sc-AxmLO pxTkB"
        style={
          Object {
            "opacity": 0,
            "transform": "translate3d(0, 30px, 0)",
          }
        }
      >
        <a
          href="/"
        >
          Calculator
        </a>
        <a
          href="https://dev.azure.com/paulbag/tp-calc/_dashboards/dashboard/fd6e25b2-8f27-49be-8155-68d6e15c371c"
        >
          Stats
        </a>
        <a
          href="/"
        >
          About
        </a>
      </ul>
      <div
        className="sc-fzozJi vRyzN"
      >
        <div
          className="sc-AxiKw dKYUZT"
        >
          <div
            className=""
          >
            <span>
               
            </span>
            <span>
               
            </span>
            <span>
               
            </span>
          </div>
        </div>
      </div>
    </div>
  </nav>,
  <nav
    class="toiletPaper"
    className="sc-fzoLsD bFoDpo"
    style={
      Object {
        "transform": "translate3d(0, -10px, 0) ",
      }
    }
  >
    <img
      alt="TP-Calculator Logo"
      className="sc-AxirZ hOCoVY"
      src={
        Object {
          "process": [Function],
        }
      }
    />
  </nav>,
]
`;
